// Jest Snapshot v1, https://goo.gl/fbAQLP

exports[`App test App test with Snapshot 1`] = `
<div
  className="App"
/>
`;
